Archive member included to satisfy reference by file (symbol)

C:/devkitPro/libnds/lib\libnds9.a(background.o)
                              renderer.o (bgState)
C:/devkitPro/libnds/lib\libnds9.a(trig.o)
                              C:/devkitPro/libnds/lib\libnds9.a(background.o) (sinLerp)
C:/devkitPro/libnds/lib\libnds9.a(sassert.o)
                              renderer.o (__sassert)
C:/devkitPro/libnds/lib\libnds9.a(sprite_alloc.o)
                              main.o (oamAllocateGfx)
C:/devkitPro/libnds/lib\libnds9.a(console.o)
                              C:/devkitPro/libnds/lib\libnds9.a(sassert.o) (consoleDemoInit)
C:/devkitPro/libnds/lib\libnds9.a(sprite.o)
                              main.o (oamInit)
C:/devkitPro/libnds/lib\libnds9.a(initSystem.o)
                              C:/devkitPro/devkitARM/bin/../lib/gcc/arm-none-eabi/14.1.0/../../../../arm-none-eabi/lib/thumb/ds_arm9_crt0.o (initSystem)
C:/devkitPro/libnds/lib\libnds9.a(securearea.o)
                              C:/devkitPro/devkitARM/bin/../lib/gcc/arm-none-eabi/14.1.0/../../../../arm-none-eabi/lib/thumb/ds_arm9_crt0.o (__secure_area__)
C:/devkitPro/libnds/lib\libnds9.a(interrupts.o)
                              C:/devkitPro/libnds/lib\libnds9.a(initSystem.o) (irqInit)
C:/devkitPro/libnds/lib\libnds9.a(libnds_exit.arm.o)
                              C:/devkitPro/devkitARM/bin/../lib/gcc/arm-none-eabi/14.1.0/../../../../arm-none-eabi/lib/thumb/ds_arm9_crt0.o (__libnds_exit)
C:/devkitPro/libnds/lib\libnds9.a(fifosystem.o)
                              C:/devkitPro/libnds/lib\libnds9.a(initSystem.o) (fifoSetValue32Handler)
C:/devkitPro/libnds/lib\libnds9.a(dcache.o)
                              C:/devkitPro/libnds/lib\libnds9.a(sprite.o) (DC_FlushRange)
C:/devkitPro/libnds/lib\libnds9.a(mpu_setup.o)
                              C:/devkitPro/devkitARM/bin/../lib/gcc/arm-none-eabi/14.1.0/../../../../arm-none-eabi/lib/thumb/ds_arm9_crt0.o (__libnds_mpu_setup)
C:/devkitPro/libnds/lib\libnds9.a(IntrWait.o)
                              main.o (swiWaitForVBlank)
C:/devkitPro/libnds/lib\libnds9.a(cpu_clock.o)
                              C:/devkitPro/libnds/lib\libnds9.a(initSystem.o) (setCpuClock)
C:/devkitPro/libnds/lib\libnds9.a(interruptDispatcher.o)
                              C:/devkitPro/libnds/lib\libnds9.a(interrupts.o) (IntrMain)
C:/devkitPro/libnds/lib\libnds9.a(debugprint.o)
                              C:/devkitPro/libnds/lib\libnds9.a(console.o) (nocashWrite)
C:/devkitPro/libnds/lib\libnds9.a(swiSoftReset.o)
                              C:/devkitPro/libnds/lib\libnds9.a(fifosystem.o) (swiSoftReset)
C:/devkitPro/libnds/lib\libnds9.a(default_font.bin.o)
                              C:/devkitPro/libnds/lib\libnds9.a(console.o) (default_font_bin)
C:/devkitPro/libnds/lib\libnds9.a(video.o)
                              C:/devkitPro/libnds/lib\libnds9.a(initSystem.o) (vramDefault)
C:/devkitPro/libnds/lib\libnds9.a(system.o)
                              C:/devkitPro/libnds/lib\libnds9.a(initSystem.o) (systemValueHandler)
C:/devkitPro/libnds/lib\libnds9.a(biosCalls.o)
                              C:/devkitPro/libnds/lib\libnds9.a(system.o) (swiDelay)
C:/devkitPro/devkitARM/bin/../lib/gcc/arm-none-eabi/14.1.0/thumb\libgcc.a(_divsi3.o)
                              C:/devkitPro/libnds/lib\libnds9.a(console.o) (__aeabi_idivmod)
C:/devkitPro/devkitARM/bin/../lib/gcc/arm-none-eabi/14.1.0/thumb\libgcc.a(_dvmd_tls.o)
                              C:/devkitPro/devkitARM/bin/../lib/gcc/arm-none-eabi/14.1.0/thumb\libgcc.a(_divsi3.o) (__aeabi_idiv0)
C:/devkitPro/devkitARM/bin/../lib/gcc/arm-none-eabi/14.1.0/thumb\libgcc.a(_sync_none.o)
                              (__sync_synchronize_none)
C:/devkitPro/devkitARM/bin/../lib/gcc/arm-none-eabi/14.1.0/../../../../arm-none-eabi/lib/thumb\libg.a(libc_a-bsearch.o)
                              C:/devkitPro/libnds/lib\libnds9.a(trig.o) (bsearch)
C:/devkitPro/devkitARM/bin/../lib/gcc/arm-none-eabi/14.1.0/../../../../arm-none-eabi/lib/thumb\libg.a(libc_a-siscanf.o)
                              C:/devkitPro/libnds/lib\libnds9.a(console.o) (siscanf)
C:/devkitPro/devkitARM/bin/../lib/gcc/arm-none-eabi/14.1.0/../../../../arm-none-eabi/lib/thumb\libg.a(libc_a-stdio.o)
                              C:/devkitPro/devkitARM/bin/../lib/gcc/arm-none-eabi/14.1.0/../../../../arm-none-eabi/lib/thumb\libg.a(libc_a-siscanf.o) (__seofread)
C:/devkitPro/devkitARM/bin/../lib/gcc/arm-none-eabi/14.1.0/../../../../arm-none-eabi/lib/thumb\libg.a(libc_a-viprintf.o)
                              C:/devkitPro/libnds/lib\libnds9.a(sassert.o) (viprintf)
C:/devkitPro/devkitARM/bin/../lib/gcc/arm-none-eabi/14.1.0/../../../../arm-none-eabi/lib/thumb\libg.a(libc_a-realloc.o)
                              C:/devkitPro/libnds/lib\libnds9.a(sprite_alloc.o) (realloc)
C:/devkitPro/devkitARM/bin/../lib/gcc/arm-none-eabi/14.1.0/../../../../arm-none-eabi/lib/thumb\libg.a(libc_a-setvbuf.o)
[...]
Memory Configuration

Name             Origin             Length             Attributes
ewram            0x02000000         0x00380000
dtcm             0x02ff0000         0x00004000
vectors          0x01000000         0x00000100
itcm             0x01000100         0x00007f00
*default*        0x00000000         0xffffffff

Linker script and memory map

                0x00000000                        __sync_synchronize = __sync_synchronize_none
                0x02380000                        __ewram_end = (ORIGIN (ewram) + LENGTH (ewram))
                0x02380000                        __eheap_end = (ORIGIN (ewram) + LENGTH (ewram))
                0x02ff4000                        __dtcm_top = (ORIGIN (dtcm) + LENGTH (dtcm))
                0x02ff3ff8                        __irq_flags = (__dtcm_top - 0x8)
                0x02ff3ffc                        __irq_vector = (__dtcm_top - 0x4)
                0x02ff3f00                        __sp_svc = (__dtcm_top - 0x100)
                0x02ff3e00                        __sp_irq = (__sp_svc - 0x100)
                0x02ff3d00                        __sp_usr = (__sp_irq - 0x100)

.secure         0x02000000      0x800
 *(.secure)
 .secure        0x02000000      0x800 C:/devkitPro/libnds/lib\libnds9.a(securearea.o)
                0x02000000                __secure_area__

.crt0           0x02000800      0x300
                0x02000800                        __text_start = .
 *(.crt0)
 .crt0          0x02000800      0x300 C:/devkitPro/devkitARM/bin/../lib/gcc/arm-none-eabi/14.1.0/../../../../arm-none-eabi/lib/thumb/ds_arm9_crt0.o
                0x02000800                _start
                0x02000b00                        . = ALIGN (0x4)

.plt
 *(.plt)

.init           0x02000b00        0xc
 *(SORT_NONE(.init))
 .init          0x02000b00        0x4 C:/devkitPro/devkitARM/bin/../lib/gcc/arm-none-eabi/14.1.0/thumb/crti.o
                0x02000b00                _init
 .init          0x02000b04        0x8 C:/devkitPro/devkitARM/bin/../lib/gcc/arm-none-eabi/14.1.0/thumb/crtn.o

.text           0x02000b10     0x2c98
 *(EXCLUDE_FILE(*.twl* *.vectors* *.itcm*) .text)
 .text          0x02000b10        0x4 C:/devkitPro/devkitARM/bin/../lib/gcc/arm-none-eabi/14.1.0/thumb\libgcc.a(_dvmd_tls.o)
                0x02000b10                __aeabi_idiv0
                0x02000b10                __aeabi_ldiv0
 .text          0x02000b14      0x11c C:/devkitPro/devkitARM/bin/../lib/gcc/arm-none-eabi/14.1.0/thumb\libgcc.a(_udivsi3.o)
                0x02000b14                __aeabi_uidiv
                0x02000b14                __udivsi3
                0x02000c10                __aeabi_uidivmod
 *(EXCLUDE_FILE(*.twl* *.vectors* *.itcm*) .stub)
 *(EXCLUDE_FILE(*.twl* *.vectors* *.itcm*) .text.*)
 .text.__do_global_dtors_aux
                0x02000c30       0x2c C:/devkitPro/devkitARM/bin/../lib/gcc/arm-none-eabi/14.1.0/thumb/crtbegin.o
 .text.frame_dummy
                0x02000c5c       0x24 C:/devkitPro/devkitARM/bin/../lib/gcc/arm-none-eabi/14.1.0/thumb/crtbegin.o
 .text.startup  0x02000c80      0x13c main.o
                0x02000c80                main
 .text.oamAllocReset
                0x02000dbc       0x1c C:/devkitPro/libnds/lib\libnds9.a(sprite_alloc.o)
                0x02000dbc                oamAllocReset
 .text.oamAllocateGfx
                0x02000dd8      0x50c C:/devkitPro/libnds/lib\libnds9.a(sprite_alloc.o)
                0x02000dd8                oamAllocateGfx
 .text.oamInit  0x020012e4      0x114 C:/devkitPro/libnds/lib\libnds9.a(sprite.o)
                0x020012e4                oamInit
 .text.oamGetGfxPtr
                0x020013f8       0x38 C:/devkitPro/libnds/lib\libnds9.a(sprite.o)
                0x020013f8                oamGetGfxPtr
 .text.oamGfxPtrToOffset
                0x02001430       0x34 C:/devkitPro/libnds/lib\libnds9.a(sprite.o)
                0x02001430                oamGfxPtrToOffset
 .text.oamSet   0x02001464      0x104 C:/devkitPro/libnds/lib\libnds9.a(sprite.o)
                0x02001464                oamSet
 .text.oamUpdate
                0x02001568       0x60 C:/devkitPro/libnds/lib\libnds9.a(sprite.o)
                0x02001568                oamUpdate
 .text.initSystem
                0x020015c8      0x180 C:/devkitPro/libnds/lib\libnds9.a(initSystem.o)
                0x020015c8                initSystem
 .text.irqDummy
                0x02001748        0x4 C:/devkitPro/libnds/lib\libnds9.a(interrupts.o)
                0x02001748                irqDummy
 .text.irqSet   0x0200174c       0x6c C:/devkitPro/libnds/lib\libnds9.a(interrupts.o)
                0x0200174c                irqSet
 .text.irqInit  0x020017b8       0x50 C:/devkitPro/libnds/lib\libnds9.a(interrupts.o)
                0x020017b8                irqInit
 .text.irqEnable
                0x02001808       0x64 C:/devkitPro/libnds/lib\libnds9.a(interrupts.o)
                0x02001808                irqEnable
 .text.systemErrorExit
                0x0200186c        0x4 C:/devkitPro/libnds/lib\libnds9.a(libnds_exit.arm.o)
                0x0200186c                systemErrorExit
 .text.__libnds_exit
                0x02001870       0x5c C:/devkitPro/libnds/lib\libnds9.a(libnds_exit.arm.o)
                0x02001870                __libnds_exit
 .text.fifo_queueBlock
                0x020018cc       0x44 C:/devkitPro/libnds/lib\libnds9.a(fifosystem.o)
 .text.fifo_waitBlock
                0x02001910       0x80 C:/devkitPro/libnds/lib\libnds9.a(fifosystem.o)
 .text.fifoInternalSend.part.0
                0x02001990       0xd4 C:/devkitPro/libnds/lib\libnds9.a(fifosystem.o)
 .text.fifoInternalSendInterrupt
                0x02001a64       0xb0 C:/devkitPro/libnds/lib\libnds9.a(fifosystem.o)
 .text.fifoSetValue32Handler
                0x02001b14       0xd4 C:/devkitPro/libnds/lib\libnds9.a(fifosystem.o)
                0x02001b14                fifoSetValue32Handler
 .text.fifoSendValue32
                0x02001be8       0x4c C:/devkitPro/libnds/lib\libnds9.a(fifosystem.o)
                0x02001be8                fifoSendValue32
 .text.fifoGetDatamsg
                0x02001c34       0xf4 C:/devkitPro/libnds/lib\libnds9.a(fifosystem.o)
                0x02001c34                fifoGetDatamsg
 .text.fifoInternalRecvInterrupt
                0x02001d28      0x37c C:/devkitPro/libnds/lib\libnds9.a(fifosystem.o)
 .text.fifoSetDatamsgHandler
                0x020020a4       0x9c C:/devkitPro/libnds/lib\libnds9.a(fifosystem.o)
                0x020020a4                fifoSetDatamsgHandler
 .text.fifoInit
                0x02002140      0x108 C:/devkitPro/libnds/lib\libnds9.a(fifosystem.o)
                0x02002140                fifoInit
 .text.DC_FlushRange
                0x02002248       0x24 C:/devkitPro/libnds/lib\libnds9.a(dcache.o)
                0x02002248                DC_FlushRange
 .text.__libnds_mpu_setup
                0x0200226c      0x174 C:/devkitPro/libnds/lib\libnds9.a(mpu_setup.o)
                0x0200226c                __libnds_mpu_setup
 .text.memUncached
                0x020023e0       0x20 C:/devkitPro/libnds/lib\libnds9.a(mpu_setup.o)
                0x020023e0                memUncached
 .text.swiWaitForVBlank
                0x02002400        0x8 C:/devkitPro/libnds/lib\libnds9.a(IntrWait.o)
                0x02002400                swiWaitForVBlank
 .text.swiIntrWait
                0x02002408       0x70 C:/devkitPro/libnds/lib\libnds9.a(IntrWait.o)
                0x02002408                swiIntrWait
 .text.setCpuClock
                0x02002478       0x50 C:/devkitPro/libnds/lib\libnds9.a(cpu_clock.o)
                0x02002478                setCpuClock
 .text.swiSoftReset
                0x020024c8       0x2c C:/devkitPro/libnds/lib\libnds9.a(swiSoftReset.o)
                0x020024c8                swiSoftReset
 .text.vramDefault
                0x020024f4       0xd0 C:/devkitPro/libnds/lib\libnds9.a(video.o)
                0x020024f4                vramDefault
 .text.systemValueHandler
                0x020025c4       0x48 C:/devkitPro/libnds/lib\libnds9.a(system.o)
                0x020025c4                systemValueHandler
 .text.systemMsgHandler
                0x0200260c       0x60 C:/devkitPro/libnds/lib\libnds9.a(system.o)
                0x0200260c                systemMsgHandler
 .text.powerOn  0x0200266c       0x2c C:/devkitPro/libnds/lib\libnds9.a(system.o)
                0x0200266c                powerOn
 .text.swiDelay
                0x02002698        0x4 C:/devkitPro/libnds/lib\libnds9.a(biosCalls.o)
                0x02002698                swiDelay
 .text.realloc  0x0200269c       0x18 C:/devkitPro/devkitARM/bin/../lib/gcc/arm-none-eabi/14.1.0/../../../../arm-none-eabi/lib/thumb\libg.a(libc_a-realloc.o)
                0x0200269c                realloc
 .text.malloc   0x020026b4       0x28 C:/devkitPro/devkitARM/bin/../lib/gcc/arm-none-eabi/14.1.0/../../../../arm-none-eabi/lib/thumb\libg.a(libc_a-malloc.o)
                0x020026b4                malloc
 .text.free     0x020026dc       0x14 C:/devkitPro/devkitARM/bin/../lib/gcc/arm-none-eabi/14.1.0/../../../../arm-none-eabi/lib/thumb\libg.a(libc_a-malloc.o)
                0x020026dc                free
 .text.memcpy   0x020026f0       0xb0 C:/devkitPro/devkitARM/bin/../lib/gcc/arm-none-eabi/14.1.0/../../../../arm-none-eabi/lib/thumb\libg.a(libc_a-memcpy-stub.o)
                0x020026f0                memcpy
 .text.memset   0x020027a0       0x98 C:/devkitPro/devkitARM/bin/../lib/gcc/arm-none-eabi/14.1.0/../../../../arm-none-eabi/lib/thumb\libg.a(libc_a-memset.o)
                0x020027a0                memset
 .text._realloc_r
                0x02002838      0x384 C:/devkitPro/devkitARM/bin/../lib/gcc/arm-none-eabi/14.1.0/../../../../arm-none-eabi/lib/thumb\libg.a(libc_a-reallocr.o)
                0x02002838                _realloc_r
 .text.__malloc_lock
                0x02002bbc       0x14 C:/devkitPro/devkitARM/bin/../lib/gcc/arm-none-eabi/14.1.0/../../../../arm-none-eabi/lib/thumb\libg.a(libc_a-mlock.o)
                0x02002bbc                __malloc_lock
 .text.__malloc_unlock
                0x02002bd0       0x14 C:/devkitPro/devkitARM/bin/../lib/gcc/arm-none-eabi/14.1.0/../../../../arm-none-eabi/lib/thumb\libg.a(libc_a-mlock.o)
                0x02002bd0                __malloc_unlock
 .text.__libc_init_array
                0x02002be4       0x54 C:/devkitPro/devkitARM/bin/../lib/gcc/arm-none-eabi/14.1.0/../../../../arm-none-eabi/lib/thumb\libg.a(libc_a-init.o)
                0x02002be4                __libc_init_array
 .text.memmove  0x02002c38       0xcc C:/devkitPro/devkitARM/bin/../lib/gcc/arm-none-eabi/14.1.0/../../../../arm-none-eabi/lib/thumb\libg.a(libc_a-memmove.o)
                0x02002c38                memmove
 .text._memalign_r
                0x02002d04      0x128 C:/devkitPro/devkitARM/bin/../lib/gcc/arm-none-eabi/14.1.0/../../../../arm-none-eabi/lib/thumb\libg.a(libc_a-malignr.o)
                0x02002d04                _memalign_r
 .text._malloc_r
                0x02002e2c      0x588 C:/devkitPro/devkitARM/bin/../lib/gcc/arm-none-eabi/14.1.0/../../../../arm-none-eabi/lib/thumb\libg.a(libc_a-mallocr.o)
                0x02002e2c                _malloc_r
 .text._malloc_trim_r
                0x020033b4       0xac C:/devkitPro/devkitARM/bin/../lib/gcc/arm-none-eabi/14.1.0/../../../../arm-none-eabi/lib/thumb\libg.a(libc_a-freer.o)
                0x020033b4                _malloc_trim_r
 .text._free_r  0x02003460      0x1f4 C:/devkitPro/devkitARM/bin/../lib/gcc/arm-none-eabi/14.1.0/../../../../arm-none-eabi/lib/thumb\libg.a(libc_a-freer.o)
                0x02003460                _free_r
 .text.build_argv
                0x02003654       0x54 C:/devkitPro/devkitARM/bin/../lib/gcc/arm-none-eabi/14.1.0/../../../../arm-none-eabi/lib/thumb\libsysbase.a(libsysbase_libsysbase_a-build_argv.o)
                0x02003654                build_argv
 .text.__getreent
                0x020036a8       0x20 C:/devkitPro/devkitARM/bin/../lib/gcc/arm-none-eabi/14.1.0/../../../../arm-none-eabi/lib/thumb\libsysbase.a(libsysbase_libsysbase_a-getreent.o)
                0x020036a8                __getreent
 .text._sbrk_r  0x020036c8       0x54 C:/devkitPro/devkitARM/bin/../lib/gcc/arm-none-eabi/14.1.0/../../../../arm-none-eabi/lib/thumb\libsysbase.a(libsysbase_libsysbase_a-sbrk.o)
                0x020036c8                _sbrk_r
 .text.__libc_lock_acquire_recursive
                0x0200371c       0x18 C:/devkitPro/devkitARM/bin/../lib/gcc/arm-none-eabi/14.1.0/../../../../arm-none-eabi/lib/thumb\libsysbase.a(libsysbase_libsysbase_a-syscall_support.o)
                0x0200371c                __libc_lock_acquire_recursive
 .text.__libc_lock_release_recursive
                0x02003734       0x18 C:/devkitPro/devkitARM/bin/../lib/gcc/arm-none-eabi/14.1.0/../../../../arm-none-eabi/lib/thumb\libsysbase.a(libsysbase_libsysbase_a-syscall_support.o)
                0x02003734                __libc_lock_release_recursive
 *fill*         0x0200374c        0x4 ff
 .text.__libc_lock_release_recursive.__stub
                0x02003750       0x50 linker stubs
 *(EXCLUDE_FILE(*.twl*) .gnu.warning)
 *(EXCLUDE_FILE(*.twl*) .gnu.linkonce.t*)
 *(.glue_7)
 .glue_7        0x020037a8        0x0 linker stubs
 *(.glue_7t)
 .glue_7t       0x020037a8        0x0 linker stubs
                0x020037a8                        . = ALIGN (0x4)

.vfp11_veneer   0x020037a8        0x0
 .vfp11_veneer  0x020037a8        0x0 linker stubs

.v4_bx          0x020037a8        0x0
 .v4_bx         0x020037a8        0x0 linker stubs

.iplt           0x020037a8        0x0
 .iplt          0x020037a8        0x0 C:/devkitPro/devkitARM/bin/../lib/gcc/arm-none-eabi/14.1.0/../../../../arm-none-eabi/lib/thumb/ds_arm9_crt0.o

.fini           0x020037a8        0xc
 *(.fini)
 .fini          0x020037a8        0x4 C:/devkitPro/devkitARM/bin/../lib/gcc/arm-none-eabi/14.1.0/thumb/crti.o
                0x020037a8                _fini
 .fini          0x020037ac        0x8 C:/devkitPro/devkitARM/bin/../lib/gcc/arm-none-eabi/14.1.0/thumb/crtn.o
                0x020037b4                        __text_end = .

.rodata         0x020037b4       0xcc
 *(EXCLUDE_FILE(*.twl*) .rodata)
 .rodata        0x020037b4       0xcc main.o
 *all.rodata*(*)
 *(EXCLUDE_FILE(*.twl*) .roda)
 *(EXCLUDE_FILE(*.twl*) .rodata.*)
 *(EXCLUDE_FILE(*.twl*) .gnu.linkonce.r*)
                0x02003880                        . = ALIGN (0x4)

.ARM.extab
 *(.ARM.extab* .gnu.linkonce.armextab.*)
                0x02003880                        __exidx_start = .

ARM.exidx
 *(.ARM.exidx* .gnu.linkonce.armexidx.*)
                0x02003880                        __exidx_end = .
                0x02003880                        . = ALIGN (0x4)
                0x02003880                        PROVIDE (__preinit_array_start = .)

.preinit_array
 *(.preinit_array)
                0x02003880                        PROVIDE (__preinit_array_end = .)
                0x02003880                        PROVIDE (__init_array_start = .)

.init_array     0x02003880        0x4
 *(SORT_BY_NAME(.init_array.*))
 *(.init_array)
 .init_array    0x02003880        0x4 C:/devkitPro/devkitARM/bin/../lib/gcc/arm-none-eabi/14.1.0/thumb/crtbegin.o
                0x02003884                        PROVIDE (__init_array_end = .)
                [!provide]                        PROVIDE (__fini_array_start = .)

.fini_array     0x02003884        0x4
 *(.fini_array)
 .fini_array    0x02003884        0x4 C:/devkitPro/devkitARM/bin/../lib/gcc/arm-none-eabi/14.1.0/thumb/crtbegin.o
 *(SORT_BY_NAME(.fini_array.*))
                [!provide]                        PROVIDE (__fini_array_end = .)

.ctors          0x02003888        0x0
 *crtbegin.o(.ctors)
 *(EXCLUDE_FILE(*crtend.o) .ctors)
 *(SORT_BY_NAME(.ctors.*))
 *(.ctors)
                0x02003888                        . = ALIGN (0x4)

.dtors          0x02003888        0x0
 *crtbegin.o(.dtors)
 *(EXCLUDE_FILE(*crtend.o) .dtors)
 *(SORT_BY_NAME(.dtors.*))
 *(.dtors)
                0x02003888                        . = ALIGN (0x4)

.eh_frame       0x02003888        0x4
 *(.eh_frame)
 .eh_frame      0x02003888        0x0 C:/devkitPro/devkitARM/bin/../lib/gcc/arm-none-eabi/14.1.0/thumb/crtbegin.o
 .eh_frame      0x02003888        0x4 C:/devkitPro/devkitARM/bin/../lib/gcc/arm-none-eabi/14.1.0/thumb/crtend.o
                0x0200388c                        . = ALIGN (0x4)

.rel.dyn        0x0200388c        0x0
 .rel.iplt      0x0200388c        0x0 C:/devkitPro/devkitARM/bin/../lib/gcc/arm-none-eabi/14.1.0/../../../../arm-none-eabi/lib/thumb/ds_arm9_crt0.o

.gcc_except_table
                0x0200388c        0x0
 *(.gcc_except_table)
                0x0200388c                        . = ALIGN (0x4)

.jcr
 *(.jcr)

.got
 *(.got.plt)
 *(.got)
 *(.rel.got)

.ewram          0x0200388c        0x0
                0x0200388c                        __ewram_start = ABSOLUTE (.)
 *(.ewram)
 *ewram.*(.text)
                0x0200388c                        . = ALIGN (0x4)

.data           0x0200388c      0x59c
                0x0200388c                        __data_start = ABSOLUTE (.)
 *(EXCLUDE_FILE(*.twl*) .data)
 .data          0x0200388c       0x28 C:/devkitPro/libnds/lib\libnds9.a(mpu_setup.o)
 *(EXCLUDE_FILE(*.twl*) .data.*)
 .data.oamMain  0x020038b4       0x18 C:/devkitPro/libnds/lib\libnds9.a(sprite.o)
                0x020038b4                oamMain
 .data.oamSub   0x020038cc       0x18 C:/devkitPro/libnds/lib\libnds9.a(sprite.o)
                0x020038cc                oamSub
 .data.fifo_buffer_free
                0x020038e4        0x4 C:/devkitPro/libnds/lib\libnds9.a(fifosystem.o)
                0x020038e4                fifo_buffer_free
 .data.fifo_freewords
                0x020038e8        0x4 C:/devkitPro/libnds/lib\libnds9.a(fifosystem.o)
                0x020038e8                fifo_freewords
 .data.fifo_receive_queue
                0x020038ec        0x4 C:/devkitPro/libnds/lib\libnds9.a(fifosystem.o)
                0x020038ec                fifo_receive_queue
 .data.fifo_send_queue
                0x020038f0        0x4 C:/devkitPro/libnds/lib\libnds9.a(fifosystem.o)
                0x020038f0                fifo_send_queue
 .data._impure_ptr
                0x020038f4        0x4 C:/devkitPro/devkitARM/bin/../lib/gcc/arm-none-eabi/14.1.0/../../../../arm-none-eabi/lib/thumb\libg.a(libc_a-impure.o)
                0x020038f4                _impure_ptr
 .data._impure_data
                0x020038f8      0x120 C:/devkitPro/devkitARM/bin/../lib/gcc/arm-none-eabi/14.1.0/../../../../arm-none-eabi/lib/thumb\libg.a(libc_a-impure.o)
                0x020038f8                _impure_data
 .data.__malloc_sbrk_base
                0x02003a18        0x4 C:/devkitPro/devkitARM/bin/../lib/gcc/arm-none-eabi/14.1.0/../../../../arm-none-eabi/lib/thumb\libg.a(libc_a-mallocr.o)
                0x02003a18                __malloc_sbrk_base
 .data.__malloc_trim_threshold
                0x02003a1c        0x4 C:/devkitPro/devkitARM/bin/../lib/gcc/arm-none-eabi/14.1.0/../../../../arm-none-eabi/lib/thumb\libg.a(libc_a-mallocr.o)
                0x02003a1c                __malloc_trim_threshold
 .data.__malloc_av_
                0x02003a20      0x408 C:/devkitPro/devkitARM/bin/../lib/gcc/arm-none-eabi/14.1.0/../../../../arm-none-eabi/lib/thumb\libg.a(libc_a-mallocr.o)
                0x02003a20                __malloc_av_
 *(EXCLUDE_FILE(*.twl*) .gnu.linkonce.d*)
                0x02003e28                        . = ALIGN (0x4)
                0x02003e28                        __data_end = ABSOLUTE (.)
                0x02003e28                        __bss_vma = .

.igot.plt       0x02003e28        0x0
 .igot.plt      0x02003e28        0x0 C:/devkitPro/devkitARM/bin/../lib/gcc/arm-none-eabi/14.1.0/../../../../arm-none-eabi/lib/thumb/ds_arm9_crt0.o

.dtcm           0x02ff0000        0x0 load address 0x02003e28
                0x02003e28                        __dtcm_lma = LOADADDR (.dtcm)
                0x02ff0000                        __dtcm_start = ABSOLUTE (.)
 *(.dtcm)
 *(.dtcm.*)
                0x02ff0000                        . = ALIGN (0x4)
                0x02ff0000                        __dtcm_end = ABSOLUTE (.)

.itcm           0x01000100      0x194 load address 0x02003e28
                0x02003e28                        __itcm_lma = LOADADDR (.itcm)
                0x01000100                        __itcm_start = ABSOLUTE (.)
 *(.itcm)
 .itcm          0x01000100       0xc8 C:/devkitPro/libnds/lib\libnds9.a(interrupts.o)
                0x01000100                irqTable
 .itcm          0x010001c8       0xcc C:/devkitPro/libnds/lib\libnds9.a(interruptDispatcher.o)
                0x010001c8                IntrMain
 *.itcm*(.text .stub .text.*)
                0x01000294                        . = ALIGN (0x4)
                0x01000294                        __itcm_end = ABSOLUTE (.)

.vectors        0x01000000        0x0 load address 0x02003fbc
                0x02003fbc                        __vectors_lma = LOADADDR (.vectors)
                0x01000000                        __vectors_start = ABSOLUTE (.)
 *(.vectors .vectors.*)
                0x01000000                        . = ALIGN (0x4)
                0x01000000                        __vectors_end = ABSOLUTE (.)

.sbss           0x02ff0000        0x0
                0x02ff0000                        __sbss_start = ABSOLUTE (.)
                0x02ff0000                        __sbss_start__ = ABSOLUTE (.)
 *(.sbss)
                0x02ff0000                        . = ALIGN (0x4)
                0x02ff0000                        __sbss_end = ABSOLUTE (.)

.bss            0x02003e28     0x1420
                0x02003e28                        __bss_start = ABSOLUTE (.)
                0x02003e28                        __bss_start__ = ABSOLUTE (.)
 *(EXCLUDE_FILE(*.twl*) .dynbss)
 *(EXCLUDE_FILE(*.twl*) .gnu.linkonce.b*)
 *(EXCLUDE_FILE(*.twl*) .bss*)
 .bss.completed.1
                0x02003e28        0x1 C:/devkitPro/devkitARM/bin/../lib/gcc/arm-none-eabi/14.1.0/thumb/crtbegin.o
 *fill*         0x02003e29        0x3 
 .bss.object.0  0x02003e2c       0x18 C:/devkitPro/devkitARM/bin/../lib/gcc/arm-none-eabi/14.1.0/thumb/crtbegin.o
 .bss.OamMemory
                0x02003e44      0x400 C:/devkitPro/libnds/lib\libnds9.a(sprite.o)
                0x02003e44                OamMemory
 .bss.OamMemorySub
                0x02004244      0x400 C:/devkitPro/libnds/lib\libnds9.a(sprite.o)
                0x02004244                OamMemorySub
 .bss.__dsimode
                0x02004644        0x1 C:/devkitPro/libnds/lib\libnds9.a(initSystem.o)
                0x02004644                __dsimode
 *fill*         0x02004645        0x3 
 .bss.punixTime
                0x02004648        0x4 C:/devkitPro/libnds/lib\libnds9.a(initSystem.o)
                0x02004648                punixTime
 .bss.fifo_address_data
                0x0200464c       0x40 C:/devkitPro/libnds/lib\libnds9.a(fifosystem.o)
                0x0200464c                fifo_address_data
 .bss.fifo_address_func
                0x0200468c       0x40 C:/devkitPro/libnds/lib\libnds9.a(fifosystem.o)
                0x0200468c                fifo_address_func
 .bss.fifo_address_queue
                0x020046cc       0x40 C:/devkitPro/libnds/lib\libnds9.a(fifosystem.o)
                0x020046cc                fifo_address_queue
 .bss.fifo_buffer
                0x0200470c      0x800 C:/devkitPro/libnds/lib\libnds9.a(fifosystem.o)
                0x0200470c                fifo_buffer
 .bss.fifo_data_queue
                0x02004f0c       0x40 C:/devkitPro/libnds/lib\libnds9.a(fifosystem.o)
                0x02004f0c                fifo_data_queue
 .bss.fifo_datamsg_data
                0x02004f4c       0x40 C:/devkitPro/libnds/lib\libnds9.a(fifosystem.o)
                0x02004f4c                fifo_datamsg_data
 .bss.fifo_datamsg_func
                0x02004f8c       0x40 C:/devkitPro/libnds/lib\libnds9.a(fifosystem.o)
                0x02004f8c                fifo_datamsg_func
 .bss.fifo_value32_data
                0x02004fcc       0x40 C:/devkitPro/libnds/lib\libnds9.a(fifosystem.o)
                0x02004fcc                fifo_value32_data
 .bss.fifo_value32_func
                0x0200500c       0x40 C:/devkitPro/libnds/lib\libnds9.a(fifosystem.o)
                0x0200500c                fifo_value32_func
 .bss.fifo_value32_queue
                0x0200504c       0x40 C:/devkitPro/libnds/lib\libnds9.a(fifosystem.o)
                0x0200504c                fifo_value32_queue
 .bss.processing
                0x0200508c        0x4 C:/devkitPro/libnds/lib\libnds9.a(fifosystem.o)
                0x0200508c                processing
 .bss.SDcallback
                0x02005090        0x4 C:/devkitPro/libnds/lib\libnds9.a(system.o)
 .bss.__malloc_recursive_mutex
                0x02005094        0xc C:/devkitPro/devkitARM/bin/../lib/gcc/arm-none-eabi/14.1.0/../../../../arm-none-eabi/lib/thumb\libg.a(libc_a-mlock.o)
 .bss.__sf      0x020050a0      0x168 C:/devkitPro/devkitARM/bin/../lib/gcc/arm-none-eabi/14.1.0/../../../../arm-none-eabi/lib/thumb\libg.a(libc_a-findfp.o)
                0x020050a0                __sf
 .bss.__malloc_current_mallinfo
                0x02005208       0x28 C:/devkitPro/devkitARM/bin/../lib/gcc/arm-none-eabi/14.1.0/../../../../arm-none-eabi/lib/thumb\libg.a(libc_a-mallocr.o)
                0x02005208                __malloc_current_mallinfo
 .bss.__malloc_max_total_mem
                0x02005230        0x4 C:/devkitPro/devkitARM/bin/../lib/gcc/arm-none-eabi/14.1.0/../../../../arm-none-eabi/lib/thumb\libg.a(libc_a-mallocr.o)
                0x02005230                __malloc_max_total_mem
 .bss.__malloc_max_sbrked_mem
                0x02005234        0x4 C:/devkitPro/devkitARM/bin/../lib/gcc/arm-none-eabi/14.1.0/../../../../arm-none-eabi/lib/thumb\libg.a(libc_a-mallocr.o)
                0x02005234                __malloc_max_sbrked_mem
 .bss.__malloc_top_pad
                0x02005238        0x4 C:/devkitPro/devkitARM/bin/../lib/gcc/arm-none-eabi/14.1.0/../../../../arm-none-eabi/lib/thumb\libg.a(libc_a-mallocr.o)
                0x02005238                __malloc_top_pad
 .bss.fake_heap_start
                0x0200523c        0x4 C:/devkitPro/devkitARM/bin/../lib/gcc/arm-none-eabi/14.1.0/../../../../arm-none-eabi/lib/thumb\libsysbase.a(libsysbase_libsysbase_a-malloc_vars.o)
                0x0200523c                fake_heap_start
 .bss.fake_heap_end
                0x02005240        0x4 C:/devkitPro/devkitARM/bin/../lib/gcc/arm-none-eabi/14.1.0/../../../../arm-none-eabi/lib/thumb\libsysbase.a(libsysbase_libsysbase_a-malloc_vars.o)
                0x02005240                fake_heap_end
 .bss.heap_start.0
                0x02005244        0x4 C:/devkitPro/devkitARM/bin/../lib/gcc/arm-none-eabi/14.1.0/../../../../arm-none-eabi/lib/thumb\libsysbase.a(libsysbase_libsysbase_a-sbrk.o)
 *(EXCLUDE_FILE(*.twl*) COMMON)
                0x02005248                        . = ALIGN (0x4)
                0x02005248                        __bss_end__ = ABSOLUTE (.)
                0x02005248                        __end__ = ABSOLUTE (.)

.twl            0x02005248        0x0 load address 0x02400000
                0x02400000                        __arm9i_lma__ = LOADADDR (.twl)
                0x02005248                        __arm9i_start__ = ABSOLUTE (.)
 *(.twl)
 *.twl*(.text .stub .text.* .gnu.linkonce.t.*)
 *.twl*(.rodata)
 *.twl*(.roda)
 *.twl*(.rodata.*)
 *.twl*(.data)
 *.twl*(.data.*)
 *.twl*(.gnu.linkonce.d*)
                0x02005248                        __arm9i_end__ = ABSOLUTE (.)

.twl_bss        0x02005248        0x0
                0x02005248                        __twl_bss_start__ = ABSOLUTE (.)
 *(.twl_bss)
 *.twl*(.dynbss)
 *.twl*(.gnu.linkonce.b*)
 *.twl*(.bss*)
 *.twl*(COMMON)
                0x02005248                        . = ALIGN (0x4)
                0x02005248                        __twl_bss_end__ = ABSOLUTE (.)
                0x02005248                        __twl_end__ = ABSOLUTE (.)

.stab
 *(.stab)

.stabstr
 *(.stabstr)

.stab.excl
 *(.stab.excl)

.stab.exclstr
 *(.stab.exclstr)

.stab.index
 *(.stab.index)

.stab.indexstr
 *(.stab.indexstr)

.comment        0x00000000       0x46
 *(.comment)
 .comment       0x00000000       0x46 C:/devkitPro/devkitARM/bin/../lib/gcc/arm-none-eabi/14.1.0/thumb/crtbegin.o
                                 0x24 (size before relaxing)
 .comment       0x00000046       0x24 main.o
 .comment       0x00000046       0x24 C:/devkitPro/libnds/lib\libnds9.a(sprite_alloc.o)
 .comment       0x00000046       0x24 C:/devkitPro/libnds/lib\libnds9.a(sprite.o)
 .comment       0x00000046       0x24 C:/devkitPro/libnds/lib\libnds9.a(initSystem.o)
 .comment       0x00000046       0x24 C:/devkitPro/libnds/lib\libnds9.a(securearea.o)
 .comment       0x00000046       0x24 C:/devkitPro/libnds/lib\libnds9.a(interrupts.o)
 .comment       0x00000046       0x24 C:/devkitPro/libnds/lib\libnds9.a(libnds_exit.arm.o)
 .comment       0x00000046       0x24 C:/devkitPro/libnds/lib\libnds9.a(fifosystem.o)
 .comment       0x00000046       0x24 C:/devkitPro/libnds/lib\libnds9.a(video.o)
 .comment       0x00000046       0x24 C:/devkitPro/libnds/lib\libnds9.a(system.o)
 .comment       0x00000046       0x24 C:/devkitPro/devkitARM/bin/../lib/gcc/arm-none-eabi/14.1.0/../../../../arm-none-eabi/lib/thumb\libg.a(libc_a-realloc.o)
 .comment       0x00000046       0x24 C:/devkitPro/devkitARM/bin/../lib/gcc/arm-none-eabi/14.1.0/../../../../arm-none-eabi/lib/thumb\libg.a(libc_a-malloc.o)
 .comment       0x00000046       0x24 C:/devkitPro/devkitARM/bin/../lib/gcc/arm-none-eabi/14.1.0/../../../../arm-none-eabi/lib/thumb\libg.a(libc_a-memcpy-stub.o)
 .comment       0x00000046       0x24 C:/devkitPro/devkitARM/bin/../lib/gcc/arm-none-eabi/14.1.0/../../../../arm-none-eabi/lib/thumb\libg.a(libc_a-memset.o)
 .comment       0x00000046       0x24 C:/devkitPro/devkitARM/bin/../lib/gcc/arm-none-eabi/14.1.0/../../../../arm-none-eabi/lib/thumb\libg.a(libc_a-reallocr.o)
 .comment       0x00000046       0x24 C:/devkitPro/devkitARM/bin/../lib/gcc/arm-none-eabi/14.1.0/../../../../arm-none-eabi/lib/thumb\libg.a(libc_a-mlock.o)
 .comment       0x00000046       0x24 C:/devkitPro/devkitARM/bin/../lib/gcc/arm-none-eabi/14.1.0/../../../../arm-none-eabi/lib/thumb\libg.a(libc_a-init.o)
 .comment       0x00000046       0x24 C:/devkitPro/devkitARM/bin/../lib/gcc/arm-none-eabi/14.1.0/../../../../arm-none-eabi/lib/thumb\libg.a(libc_a-memmove.o)
 .comment       0x00000046       0x24 C:/devkitPro/devkitARM/bin/../lib/gcc/arm-none-eabi/14.1.0/../../../../arm-none-eabi/lib/thumb\libg.a(libc_a-impure.o)
 .comment       0x00000046       0x24 C:/devkitPro/devkitARM/bin/../lib/gcc/arm-none-eabi/14.1.0/../../../../arm-none-eabi/lib/thumb\libg.a(libc_a-malignr.o)
 .comment       0x00000046       0x24 C:/devkitPro/devkitARM/bin/../lib/gcc/arm-none-eabi/14.1.0/../../../../arm-none-eabi/lib/thumb\libg.a(libc_a-findfp.o)
 .comment       0x00000046       0x24 C:/devkitPro/devkitARM/bin/../lib/gcc/arm-none-eabi/14.1.0/../../../../arm-none-eabi/lib/thumb\libg.a(libc_a-mallocr.o)
 .comment       0x00000046       0x24 C:/devkitPro/devkitARM/bin/../lib/gcc/arm-none-eabi/14.1.0/../../../../arm-none-eabi/lib/thumb\libg.a(libc_a-freer.o)
 .comment       0x00000046       0x24 C:/devkitPro/devkitARM/bin/../lib/gcc/arm-none-eabi/14.1.0/../../../../arm-none-eabi/lib/thumb\libsysbase.a(libsysbase_libsysbase_a-build_argv.o)
 .comment       0x00000046       0x24 C:/devkitPro/devkitARM/bin/../lib/gcc/arm-none-eabi/14.1.0/../../../../arm-none-eabi/lib/thumb\libsysbase.a(libsysbase_libsysbase_a-getreent.o)
 .comment       0x00000046       0x24 C:/devkitPro/devkitARM/bin/../lib/gcc/arm-none-eabi/14.1.0/../../../../arm-none-eabi/lib/thumb\libsysbase.a(libsysbase_libsysbase_a-malloc_vars.o)
 .comment       0x00000046       0x24 C:/devkitPro/devkitARM/bin/../lib/gcc/arm-none-eabi/14.1.0/../../../../arm-none-eabi/lib/thumb\libsysbase.a(libsysbase_libsysbase_a-sbrk.o)
 .comment       0x00000046       0x24 C:/devkitPro/devkitARM/bin/../lib/gcc/arm-none-eabi/14.1.0/../../../../arm-none-eabi/lib/thumb\libsysbase.a(libsysbase_libsysbase_a-syscall_support.o)
 .comment       0x00000046       0x24 C:/devkitPro/devkitARM/bin/../lib/gcc/arm-none-eabi/14.1.0/thumb/crtend.o

.ARM.attributes
                0x00000000       0x2d
 .ARM.attributes
                0x00000000       0x21 C:/devkitPro/devkitARM/bin/../lib/gcc/arm-none-eabi/14.1.0/../../../../arm-none-eabi/lib/thumb/ds_arm9_crt0.o
 .ARM.attributes
                0x00000021       0x1c C:/devkitPro/devkitARM/bin/../lib/gcc/arm-none-eabi/14.1.0/thumb/crti.o
 .ARM.attributes
                0x0000003d       0x2a C:/devkitPro/devkitARM/bin/../lib/gcc/arm-none-eabi/14.1.0/thumb/crtbegin.o
 .ARM.attributes
                0x00000067       0x27 main.o
 .ARM.attributes
                0x0000008e       0x2b C:/devkitPro/libnds/lib\libnds9.a(sprite_alloc.o)
 .ARM.attributes
                0x000000b9       0x2b C:/devkitPro/libnds/lib\libnds9.a(sprite.o)
 .ARM.attributes
                0x000000e4       0x2b C:/devkitPro/libnds/lib\libnds9.a(initSystem.o)
 .ARM.attributes
                0x0000010f       0x2b C:/devkitPro/libnds/lib\libnds9.a(securearea.o)
 .ARM.attributes
                0x0000013a       0x2b C:/devkitPro/libnds/lib\libnds9.a(interrupts.o)
 .ARM.attributes
                0x00000165       0x2b C:/devkitPro/libnds/lib\libnds9.a(libnds_exit.arm.o)
 .ARM.attributes
                0x00000190       0x2b C:/devkitPro/libnds/lib\libnds9.a(fifosystem.o)
 .ARM.attributes
                0x000001bb       0x1b C:/devkitPro/libnds/lib\libnds9.a(dcache.o)
 .ARM.attributes
                0x000001d6       0x21 C:/devkitPro/libnds/lib\libnds9.a(mpu_setup.o)
 .ARM.attributes
                0x000001f7       0x21 C:/devkitPro/libnds/lib\libnds9.a(IntrWait.o)
 .ARM.attributes
                0x00000218       0x21 C:/devkitPro/libnds/lib\libnds9.a(cpu_clock.o)
 .ARM.attributes
                0x00000239       0x1b C:/devkitPro/libnds/lib\libnds9.a(interruptDispatcher.o)
 .ARM.attributes
                0x00000254       0x21 C:/devkitPro/libnds/lib\libnds9.a(swiSoftReset.o)
 .ARM.attributes
                0x00000275       0x2b C:/devkitPro/libnds/lib\libnds9.a(video.o)
 .ARM.attributes
                0x000002a0       0x2b C:/devkitPro/libnds/lib\libnds9.a(system.o)
 .ARM.attributes
                0x000002cb       0x1b C:/devkitPro/libnds/lib\libnds9.a(biosCalls.o)
 .ARM.attributes
                0x000002e6       0x1c C:/devkitPro/devkitARM/bin/../lib/gcc/arm-none-eabi/14.1.0/thumb\libgcc.a(_dvmd_tls.o)
 .ARM.attributes
                0x00000302       0x2a C:/devkitPro/devkitARM/bin/../lib/gcc/arm-none-eabi/14.1.0/../../../../arm-none-eabi/lib/thumb\libg.a(libc_a-realloc.o)
 .ARM.attributes
                0x0000032c       0x2a C:/devkitPro/devkitARM/bin/../lib/gcc/arm-none-eabi/14.1.0/../../../../arm-none-eabi/lib/thumb\libg.a(libc_a-malloc.o)
 .ARM.attributes
                0x00000356       0x2a C:/devkitPro/devkitARM/bin/../lib/gcc/arm-none-eabi/14.1.0/../../../../arm-none-eabi/lib/thumb\libg.a(libc_a-memcpy-stub.o)
 .ARM.attributes
                0x00000380       0x2a C:/devkitPro/devkitARM/bin/../lib/gcc/arm-none-eabi/14.1.0/../../../../arm-none-eabi/lib/thumb\libg.a(libc_a-memset.o)
 .ARM.attributes
                0x000003aa       0x2a C:/devkitPro/devkitARM/bin/../lib/gcc/arm-none-eabi/14.1.0/../../../../arm-none-eabi/lib/thumb\libg.a(libc_a-reallocr.o)
 .ARM.attributes
                0x000003d4       0x2a C:/devkitPro/devkitARM/bin/../lib/gcc/arm-none-eabi/14.1.0/../../../../arm-none-eabi/lib/thumb\libg.a(libc_a-mlock.o)
 .ARM.attributes
                0x000003fe       0x2a C:/devkitPro/devkitARM/bin/../lib/gcc/arm-none-eabi/14.1.0/../../../../arm-none-eabi/lib/thumb\libg.a(libc_a-init.o)
 .ARM.attributes
                0x00000428       0x2a C:/devkitPro/devkitARM/bin/../lib/gcc/arm-none-eabi/14.1.0/../../../../arm-none-eabi/lib/thumb\libg.a(libc_a-memmove.o)
 .ARM.attributes
                0x00000452       0x2a C:/devkitPro/devkitARM/bin/../lib/gcc/arm-none-eabi/14.1.0/../../../../arm-none-eabi/lib/thumb\libg.a(libc_a-impure.o)
 .ARM.attributes
                0x0000047c       0x2a C:/devkitPro/devkitARM/bin/../lib/gcc/arm-none-eabi/14.1.0/../../../../arm-none-eabi/lib/thumb\libg.a(libc_a-malignr.o)
 .ARM.attributes
                0x000004a6       0x2a C:/devkitPro/devkitARM/bin/../lib/gcc/arm-none-eabi/14.1.0/../../../../arm-none-eabi/lib/thumb\libg.a(libc_a-findfp.o)
 .ARM.attributes
                0x000004d0       0x2a C:/devkitPro/devkitARM/bin/../lib/gcc/arm-none-eabi/14.1.0/../../../../arm-none-eabi/lib/thumb\libg.a(libc_a-mallocr.o)
 .ARM.attributes
                0x000004fa       0x2a C:/devkitPro/devkitARM/bin/../lib/gcc/arm-none-eabi/14.1.0/../../../../arm-none-eabi/lib/thumb\libg.a(libc_a-freer.o)
 .ARM.attributes
                0x00000524       0x2a C:/devkitPro/devkitARM/bin/../lib/gcc/arm-none-eabi/14.1.0/../../../../arm-none-eabi/lib/thumb\libsysbase.a(libsysbase_libsysbase_a-build_argv.o)
 .ARM.attributes
                0x0000054e       0x2a C:/devkitPro/devkitARM/bin/../lib/gcc/arm-none-eabi/14.1.0/../../../../arm-none-eabi/lib/thumb\libsysbase.a(libsysbase_libsysbase_a-getreent.o)
 .ARM.attributes
                0x00000578       0x2a C:/devkitPro/devkitARM/bin/../lib/gcc/arm-none-eabi/14.1.0/../../../../arm-none-eabi/lib/thumb\libsysbase.a(libsysbase_libsysbase_a-malloc_vars.o)
 .ARM.attributes
                0x000005a2       0x2a C:/devkitPro/devkitARM/bin/../lib/gcc/arm-none-eabi/14.1.0/../../../../arm-none-eabi/lib/thumb\libsysbase.a(libsysbase_libsysbase_a-sbrk.o)
 .ARM.attributes
                0x000005cc       0x2a C:/devkitPro/devkitARM/bin/../lib/gcc/arm-none-eabi/14.1.0/../../../../arm-none-eabi/lib/thumb\libsysbase.a(libsysbase_libsysbase_a-syscall_support.o)
 .ARM.attributes
                0x000005f6       0x1c C:/devkitPro/devkitARM/bin/../lib/gcc/arm-none-eabi/14.1.0/thumb\libgcc.a(_udivsi3.o)
 .ARM.attributes
                0x00000612       0x2a C:/devkitPro/devkitARM/bin/../lib/gcc/arm-none-eabi/14.1.0/thumb/crtend.o
 .ARM.attributes
                0x0000063c       0x1c C:/devkitPro/devkitARM/bin/../lib/gcc/arm-none-eabi/14.1.0/thumb/crtn.o

.debug
 *(.debug)

.line
 *(.line)

.debug_srcinfo
 *(.debug_srcinfo)

.debug_sfnames
 *(.debug_sfnames)

.debug_aranges  0x00000000      0x490
 *(.debug_aranges)
 .debug_aranges
                0x00000000       0x20 main.o
 .debug_aranges
                0x00000020       0x38 C:/devkitPro/libnds/lib\libnds9.a(sprite_alloc.o)
 .debug_aranges
                0x00000058       0x60 C:/devkitPro/libnds/lib\libnds9.a(sprite.o)
 .debug_aranges
                0x000000b8       0x30 C:/devkitPro/libnds/lib\libnds9.a(initSystem.o)
 .debug_aranges
                0x000000e8       0x18 C:/devkitPro/libnds/lib\libnds9.a(securearea.o)
 .debug_aranges
                0x00000100       0x50 C:/devkitPro/libnds/lib\libnds9.a(interrupts.o)
 .debug_aranges
                0x00000150       0x28 C:/devkitPro/libnds/lib\libnds9.a(libnds_exit.arm.o)
 .debug_aranges
                0x00000178       0xb0 C:/devkitPro/libnds/lib\libnds9.a(fifosystem.o)
 .debug_aranges
                0x00000228       0x38 C:/devkitPro/libnds/lib\libnds9.a(dcache.o)
 .debug_aranges
                0x00000260       0x30 C:/devkitPro/libnds/lib\libnds9.a(mpu_setup.o)
 .debug_aranges
                0x00000290       0x28 C:/devkitPro/libnds/lib\libnds9.a(IntrWait.o)
 .debug_aranges
                0x000002b8       0x20 C:/devkitPro/libnds/lib\libnds9.a(cpu_clock.o)
 .debug_aranges
                0x000002d8       0x20 C:/devkitPro/libnds/lib\libnds9.a(interruptDispatcher.o)
 .debug_aranges
                0x000002f8       0x20 C:/devkitPro/libnds/lib\libnds9.a(swiSoftReset.o)
 .debug_aranges
                0x00000318       0x48 C:/devkitPro/libnds/lib\libnds9.a(video.o)
 .debug_aranges
                0x00000360       0x68 C:/devkitPro/libnds/lib\libnds9.a(system.o)
 .debug_aranges
                0x000003c8       0xc8 C:/devkitPro/libnds/lib\libnds9.a(biosCalls.o)

.debug_pubnames
 *(.debug_pubnames)

.debug_info     0x00000000     0x8616
 *(.debug_info)
 .debug_info    0x00000000     0x159b main.o
 .debug_info    0x0000159b     0x1cb1 C:/devkitPro/libnds/lib\libnds9.a(sprite_alloc.o)
 .debug_info    0x0000324c      0xd00 C:/devkitPro/libnds/lib\libnds9.a(sprite.o)
 .debug_info    0x00003f4c     0x113e C:/devkitPro/libnds/lib\libnds9.a(initSystem.o)
 .debug_info    0x0000508a       0x5a C:/devkitPro/libnds/lib\libnds9.a(securearea.o)
 .debug_info    0x000050e4      0x68d C:/devkitPro/libnds/lib\libnds9.a(interrupts.o)
 .debug_info    0x00005771      0x367 C:/devkitPro/libnds/lib\libnds9.a(libnds_exit.arm.o)
 .debug_info    0x00005ad8     0x183f C:/devkitPro/libnds/lib\libnds9.a(fifosystem.o)
 .debug_info    0x00007317       0x23 C:/devkitPro/libnds/lib\libnds9.a(dcache.o)
 .debug_info    0x0000733a       0x23 C:/devkitPro/libnds/lib\libnds9.a(mpu_setup.o)
 .debug_info    0x0000735d       0x23 C:/devkitPro/libnds/lib\libnds9.a(IntrWait.o)
 .debug_info    0x00007380       0x24 C:/devkitPro/libnds/lib\libnds9.a(cpu_clock.o)
 .debug_info    0x000073a4       0x25 C:/devkitPro/libnds/lib\libnds9.a(interruptDispatcher.o)
 .debug_info    0x000073c9       0x24 C:/devkitPro/libnds/lib\libnds9.a(swiSoftReset.o)
 .debug_info    0x000073ed      0x790 C:/devkitPro/libnds/lib\libnds9.a(video.o)
 .debug_info    0x00007b7d      0xa76 C:/devkitPro/libnds/lib\libnds9.a(system.o)
 .debug_info    0x000085f3       0x23 C:/devkitPro/libnds/lib\libnds9.a(biosCalls.o)

.debug_abbrev   0x00000000     0x1f44
 *(.debug_abbrev)
 .debug_abbrev  0x00000000      0x458 main.o
 .debug_abbrev  0x00000458      0x3b5 C:/devkitPro/libnds/lib\libnds9.a(sprite_alloc.o)
 .debug_abbrev  0x0000080d      0x3de C:/devkitPro/libnds/lib\libnds9.a(sprite.o)
 .debug_abbrev  0x00000beb      0x3e1 C:/devkitPro/libnds/lib\libnds9.a(initSystem.o)
 .debug_abbrev  0x00000fcc       0x47 C:/devkitPro/libnds/lib\libnds9.a(securearea.o)
 .debug_abbrev  0x00001013      0x2da C:/devkitPro/libnds/lib\libnds9.a(interrupts.o)
 .debug_abbrev  0x000012ed      0x1ad C:/devkitPro/libnds/lib\libnds9.a(libnds_exit.arm.o)
 .debug_abbrev  0x0000149a      0x4bb C:/devkitPro/libnds/lib\libnds9.a(fifosystem.o)
 .debug_abbrev  0x00001955       0x12 C:/devkitPro/libnds/lib\libnds9.a(dcache.o)
 .debug_abbrev  0x00001967       0x12 C:/devkitPro/libnds/lib\libnds9.a(mpu_setup.o)
 .debug_abbrev  0x00001979       0x12 C:/devkitPro/libnds/lib\libnds9.a(IntrWait.o)
 .debug_abbrev  0x0000198b       0x14 C:/devkitPro/libnds/lib\libnds9.a(cpu_clock.o)
 .debug_abbrev  0x0000199f       0x14 C:/devkitPro/libnds/lib\libnds9.a(interruptDispatcher.o)
 .debug_abbrev  0x000019b3       0x14 C:/devkitPro/libnds/lib\libnds9.a(swiSoftReset.o)
 .debug_abbrev  0x000019c7      0x24c C:/devkitPro/libnds/lib\libnds9.a(video.o)
 .debug_abbrev  0x00001c13      0x31f C:/devkitPro/libnds/lib\libnds9.a(system.o)
 .debug_abbrev  0x00001f32       0x12 C:/devkitPro/libnds/lib\libnds9.a(biosCalls.o)

.debug_line     0x00000000     0x5434
 *(.debug_line)
 .debug_line    0x00000000      0x4a8 main.o
 .debug_line    0x000004a8     0x1736 C:/devkitPro/libnds/lib\libnds9.a(sprite_alloc.o)
 .debug_line    0x00001bde      0x74e C:/devkitPro/libnds/lib\libnds9.a(sprite.o)
 .debug_line    0x0000232c      0x597 C:/devkitPro/libnds/lib\libnds9.a(initSystem.o)
 .debug_line    0x000028c3       0x8f C:/devkitPro/libnds/lib\libnds9.a(securearea.o)
 .debug_line    0x00002952      0x54c C:/devkitPro/libnds/lib\libnds9.a(interrupts.o)
 .debug_line    0x00002e9e      0x23b C:/devkitPro/libnds/lib\libnds9.a(libnds_exit.arm.o)
 .debug_line    0x000030d9     0x14f5 C:/devkitPro/libnds/lib\libnds9.a(fifosystem.o)
 .debug_line    0x000045ce       0x96 C:/devkitPro/libnds/lib\libnds9.a(dcache.o)
 .debug_line    0x00004664       0xe8 C:/devkitPro/libnds/lib\libnds9.a(mpu_setup.o)
 .debug_line    0x0000474c       0x74 C:/devkitPro/libnds/lib\libnds9.a(IntrWait.o)
 .debug_line    0x000047c0       0x5c C:/devkitPro/libnds/lib\libnds9.a(cpu_clock.o)
 .debug_line    0x0000481c       0x80 C:/devkitPro/libnds/lib\libnds9.a(interruptDispatcher.o)
 .debug_line    0x0000489c       0x57 C:/devkitPro/libnds/lib\libnds9.a(swiSoftReset.o)
 .debug_line    0x000048f3      0x4b5 C:/devkitPro/libnds/lib\libnds9.a(video.o)
 .debug_line    0x00004da8      0x4dc C:/devkitPro/libnds/lib\libnds9.a(system.o)
 .debug_line    0x00005284      0x1b0 C:/devkitPro/libnds/lib\libnds9.a(biosCalls.o)

.debug_frame    0x00000000      0x748
 *(.debug_frame)
 .debug_frame   0x00000000       0x3c main.o
 .debug_frame   0x0000003c       0x9c C:/devkitPro/libnds/lib\libnds9.a(sprite_alloc.o)
 .debug_frame   0x000000d8       0xf0 C:/devkitPro/libnds/lib\libnds9.a(sprite.o)
 .debug_frame   0x000001c8       0x5c C:/devkitPro/libnds/lib\libnds9.a(initSystem.o)
 .debug_frame   0x00000224       0xa4 C:/devkitPro/libnds/lib\libnds9.a(interrupts.o)
 .debug_frame   0x000002c8       0x38 C:/devkitPro/libnds/lib\libnds9.a(libnds_exit.arm.o)
 .debug_frame   0x00000300      0x294 C:/devkitPro/libnds/lib\libnds9.a(fifosystem.o)
 .debug_frame   0x00000594       0xbc C:/devkitPro/libnds/lib\libnds9.a(video.o)
 .debug_frame   0x00000650       0xf8 C:/devkitPro/libnds/lib\libnds9.a(system.o)

.debug_str      0x00000000     0x2db6
 *(.debug_str)
 .debug_str     0x00000000     0x2db6 main.o
                                0xda9 (size before relaxing)
 .debug_str     0x00002db6      0x7de C:/devkitPro/libnds/lib\libnds9.a(sprite_alloc.o)
 .debug_str     0x00002db6      0x870 C:/devkitPro/libnds/lib\libnds9.a(sprite.o)
 .debug_str     0x00002db6      0xb81 C:/devkitPro/libnds/lib\libnds9.a(initSystem.o)
 .debug_str     0x00002db6      0x16e C:/devkitPro/libnds/lib\libnds9.a(securearea.o)
 .debug_str     0x00002db6      0x496 C:/devkitPro/libnds/lib\libnds9.a(interrupts.o)
 .debug_str     0x00002db6      0x3e5 C:/devkitPro/libnds/lib\libnds9.a(libnds_exit.arm.o)
 .debug_str     0x00002db6      0x8a9 C:/devkitPro/libnds/lib\libnds9.a(fifosystem.o)
 .debug_str     0x00002db6       0x69 C:/devkitPro/libnds/lib\libnds9.a(dcache.o)
 .debug_str     0x00002db6       0x6c C:/devkitPro/libnds/lib\libnds9.a(mpu_setup.o)
 .debug_str     0x00002db6       0x6b C:/devkitPro/libnds/lib\libnds9.a(IntrWait.o)
 .debug_str     0x00002db6       0x6c C:/devkitPro/libnds/lib\libnds9.a(cpu_clock.o)
 .debug_str     0x00002db6       0x76 C:/devkitPro/libnds/lib\libnds9.a(interruptDispatcher.o)
 .debug_str     0x00002db6       0x6f C:/devkitPro/libnds/lib\libnds9.a(swiSoftReset.o)
 .debug_str     0x00002db6      0xc53 C:/devkitPro/libnds/lib\libnds9.a(video.o)
 .debug_str     0x00002db6      0x798 C:/devkitPro/libnds/lib\libnds9.a(system.o)
 .debug_str     0x00002db6       0x6c C:/devkitPro/libnds/lib\libnds9.a(biosCalls.o)

.debug_loc
 *(.debug_loc)

.debug_macinfo
 *(.debug_macinfo)

.debug_weaknames
 *(.debug_weaknames)

.debug_funcnames
 *(.debug_funcnames)

.debug_typenames
 *(.debug_typenames)

.debug_varnames
 *(.debug_varnames)

.stack          0x00080000        0x0
                0x00080000                        _stack = .
 *(.stack)
LOAD C:/devkitPro/devkitARM/bin/../lib/gcc/arm-none-eabi/14.1.0/../../../../arm-none-eabi/lib/thumb/ds_arm9_crt0.o
LOAD C:/devkitPro/devkitARM/bin/../lib/gcc/arm-none-eabi/14.1.0/thumb/crti.o
LOAD C:/devkitPro/devkitARM/bin/../lib/gcc/arm-none-eabi/14.1.0/thumb/crtbegin.o
LOAD soundbank.bin.o
LOAD main.o
LOAD piece.o
LOAD tetris.o
LOAD renderer.o
LOAD C:/devkitPro/libnds/lib\libmm9.a
LOAD C:/devkitPro/libnds/lib\libfat.a
LOAD C:/devkitPro/libnds/lib\libfilesystem.a
LOAD C:/devkitPro/libnds/lib\libnds9.a
LOAD C:/devkitPro/devkitARM/bin/../lib/gcc/arm-none-eabi/14.1.0/../../../../arm-none-eabi/lib/thumb\libstdc++.a
LOAD C:/devkitPro/devkitARM/bin/../lib/gcc/arm-none-eabi/14.1.0/../../../../arm-none-eabi/lib/thumb\libm.a
START GROUP
LOAD C:/devkitPro/devkitARM/bin/../lib/gcc/arm-none-eabi/14.1.0/thumb\libgcc.a
LOAD C:/devkitPro/devkitARM/bin/../lib/gcc/arm-none-eabi/14.1.0/../../../../arm-none-eabi/lib/thumb\libg.a
LOAD C:/devkitPro/devkitARM/bin/../lib/gcc/arm-none-eabi/14.1.0/../../../../arm-none-eabi/lib/thumb\libc.a
LOAD C:/devkitPro/devkitARM/bin/../lib/gcc/arm-none-eabi/14.1.0/../../../../arm-none-eabi/lib/thumb\libsysbase.a
END GROUP
LOAD C:/devkitPro/devkitARM/bin/../lib/gcc/arm-none-eabi/14.1.0/thumb/crtend.o
LOAD C:/devkitPro/devkitARM/bin/../lib/gcc/arm-none-eabi/14.1.0/thumb/crtn.o
OUTPUT(C:/Users/bashe/Desktop/Projecten/TetrisDS/TetrisDS.elf elf32-littlearm)
LOAD linker stubs

.debug_loclists
                0x00000000     0x2d48
 .debug_loclists
                0x00000000      0x1a2 main.o
 .debug_loclists
                0x000001a2     0x121a C:/devkitPro/libnds/lib\libnds9.a(sprite_alloc.o)
 .debug_loclists
                0x000013bc      0x5a6 C:/devkitPro/libnds/lib\libnds9.a(sprite.o)
 .debug_loclists
                0x00001962       0xc5 C:/devkitPro/libnds/lib\libnds9.a(initSystem.o)
 .debug_loclists
                0x00001a27      0x1a5 C:/devkitPro/libnds/lib\libnds9.a(interrupts.o)
 .debug_loclists
                0x00001bcc       0x48 C:/devkitPro/libnds/lib\libnds9.a(libnds_exit.arm.o)
 .debug_loclists
                0x00001c14      0xe1a C:/devkitPro/libnds/lib\libnds9.a(fifosystem.o)
 .debug_loclists
                0x00002a2e      0x1da C:/devkitPro/libnds/lib\libnds9.a(video.o)
 .debug_loclists
                0x00002c08      0x140 C:/devkitPro/libnds/lib\libnds9.a(system.o)

.debug_rnglists
                0x00000000      0xd6f
 .debug_rnglists
                0x00000000       0x8e main.o
 .debug_rnglists
                0x0000008e      0x788 C:/devkitPro/libnds/lib\libnds9.a(sprite_alloc.o)
 .debug_rnglists
                0x00000816       0x7b C:/devkitPro/libnds/lib\libnds9.a(sprite.o)
 .debug_rnglists
                0x00000891       0x20 C:/devkitPro/libnds/lib\libnds9.a(initSystem.o)
 .debug_rnglists
                0x000008b1       0x8b C:/devkitPro/libnds/lib\libnds9.a(interrupts.o)
 .debug_rnglists
                0x0000093c       0x19 C:/devkitPro/libnds/lib\libnds9.a(libnds_exit.arm.o)
 .debug_rnglists
                0x00000955      0x2a4 C:/devkitPro/libnds/lib\libnds9.a(fifosystem.o)
 .debug_rnglists
                0x00000bf9       0x25 C:/devkitPro/libnds/lib\libnds9.a(dcache.o)
 .debug_rnglists
                0x00000c1e       0x20 C:/devkitPro/libnds/lib\libnds9.a(mpu_setup.o)
 .debug_rnglists
                0x00000c3e       0x19 C:/devkitPro/libnds/lib\libnds9.a(IntrWait.o)
 .debug_rnglists
                0x00000c57       0x3e C:/devkitPro/libnds/lib\libnds9.a(video.o)
 .debug_rnglists
                0x00000c95       0x49 C:/devkitPro/libnds/lib\libnds9.a(system.o)
 .debug_rnglists
                0x00000cde       0x91 C:/devkitPro/libnds/lib\libnds9.a(biosCalls.o)

.debug_line_str
                0x00000000      0x177
 .debug_line_str
                0x00000000      0x177 C:/devkitPro/libnds/lib\libnds9.a(dcache.o)
                                 0xc8 (size before relaxing)
 .debug_line_str
                0x00000177       0xdc C:/devkitPro/libnds/lib\libnds9.a(mpu_setup.o)
 .debug_line_str
                0x00000177       0xda C:/devkitPro/libnds/lib\libnds9.a(IntrWait.o)
 .debug_line_str
                0x00000177       0xdc C:/devkitPro/libnds/lib\libnds9.a(cpu_clock.o)
 .debug_line_str
                0x00000177       0xe6 C:/devkitPro/libnds/lib\libnds9.a(interruptDispatcher.o)
 .debug_line_str
                0x00000177       0xd8 C:/devkitPro/libnds/lib\libnds9.a(swiSoftReset.o)
 .debug_line_str
                0x00000177       0xd2 C:/devkitPro/libnds/lib\libnds9.a(biosCalls.o)
